Samples: 600 | AI: 300 | Random: 300 | Reject-pct: 25% (150 reports) | Orgs: 20 (on-chain) | Mode: direct

  [   1/600] REJ za-elec-ink-009       org=org1      label=0  conf=1.00  fc=18  2434ms
  [   2/600] REJ df6f80_sa-elections-  org=org1      label=0  conf=1.00  fc=19  2107ms
  [   3/600] REJ df6f80_sa-elections-  org=org1      label=1  conf=1.00  fc=19  2121ms
  [   4/600] REJ f2d1c8_gen-samples-v  org=org1      label=0  conf=1.00  fc=19  2252ms
  [   5/600] REJ f2d1c8_gen-samples-v  org=org1      label=0  conf=1.00  fc=15  2214ms
  [   6/600] REJ f2d1c8_gen-samples-v  org=org1      label=0  conf=1.00  fc=19  2166ms
  [   7/600] REJ df6f80_sa-elections-  org=org1      label=1  conf=1.00  fc=10  2189ms
  [   8/600] REJ df6f80_sa-elections-  org=org1      label=0  conf=1.00  fc=18  2146ms
  [   9/600] REJ za-elec-topo-05       org=org1      label=1  conf=1.00  fc=17  2196ms
  [  10/600] REJ kzn-mun-fin-006       org=org1      label=0  conf=1.00  fc=18  2240ms
  [  11/600] REJ df6f80_sa-elections-  org=org1      label=1  conf=1.00  fc=19  2172ms
  [  12/600] REJ za-elec-2026-01       org=org1      label=1  conf=1.00  fc=16  5253ms
  [  13/600] REJ f2d1c8_sa-elections-  org=org1      label=1  conf=1.00  fc=19  2198ms
  [  14/600] REJ df6f80_sa-elections-  org=org1      label=0  conf=1.00  fc=19  2183ms
  [  15/600] REJ df6f80_sa-elections-  org=org1      label=1  conf=1.00  fc=18  2248ms
  [  16/600] REJ df6f80_sa-elections-  org=org1      label=1  conf=1.00  fc=18  2338ms
  [  17/600] REJ df6f80_sa-elections-  org=org1      label=1  conf=1.00  fc=18  2291ms
  [  18/600] REJ f2d1c8_gen-samples-v  org=org1      label=1  conf=1.00  fc=19  2188ms
  [  19/600] REJ f2d1c8_sa-elections-  org=org1      label=1  conf=1.00  fc=19  2202ms
  [  20/600] REJ za-elec-2026-08       org=org1      label=1  conf=0.75  fc=18  2236ms
  [  21/600] REJ df6f80_sa-elections-  org=org1      label=1  conf=1.00  fc=19  2219ms
  [  22/600] REJ sd-2024-009           org=org1      label=1  conf=1.00  fc=19  2281ms
  [  23/600] REJ df6f80_sa-elections-  org=org1      label=1  conf=1.00  fc=18  2209ms
  [  24/600] REJ za-elec-m04           org=org1      label=1  conf=1.00  fc=15  2297ms
  [  25/600] REJ za-elec-wc-2026-01    org=org1      label=0  conf=1.00  fc=18  2204ms
  [  26/600] REJ f2d1c8_sa-elections-  org=org1      label=0  conf=1.00  fc=19  2200ms
  [  27/600] REJ f2d1c8_gen-samples-v  org=org1      label=1  conf=1.00  fc=19  2252ms
  [  28/600] REJ f2d1c8_sa-elections-  org=org1      label=0  conf=1.00  fc=17  2249ms
  [  29/600] REJ za-elec-2026-009      org=org1      label=0  conf=1.00  fc=18  2307ms
  [  30/600] REJ f2d1c8_gen-samples-v  org=org1      label=0  conf=1.00  fc=16  2249ms
  [  31/600] REJ df6f80_gen-samples-v  org=org1      label=1  conf=1.00  fc=17  2286ms
  [  32/600] REJ df6f80_sa-elections-  org=org1      label=0  conf=1.00  fc=16  2205ms
  [  33/600] REJ f2d1c8_sa-elections-  org=org1      label=0  conf=1.00  fc=17  2216ms
  [  34/600] REJ f2d1c8_sa-elections-  org=org1      label=0  conf=1.00  fc=17  2432ms
  [  35/600] REJ za-elec-nm01          org=org1      label=0  conf=1.00  fc=19  2281ms
  [  36/600] REJ df6f80_sa-elections-  org=org1      label=1  conf=1.00  fc=19  2269ms
  [  37/600] REJ df6f80_sa-elections-  org=org1      label=1  conf=1.00  fc=18  2450ms
  [  38/600] FAIL f2d1c8_sa-elections-  org=org1      label=0  conf=1.00  fc=7  2248ms
