Samples: 100 | AI: 50 | Random: 50 | Reject-pct: 25% (25 reports) | Orgs: 20 (on-chain) | Mode: direct

  [   1/100] REJ za-elec-ink-009       org=org1      label=0  conf=1.00  fc=16  2243ms
  [   2/100] REJ df6f80_sa-elections-  org=org1      label=0  conf=1.00  fc=18  2117ms
  [   3/100] REJ df6f80_sa-elections-  org=org1      label=1  conf=1.00  fc=19  2114ms
  [   4/100] REJ f2d1c8_gen-samples-v  org=org1      label=0  conf=1.00  fc=19  2102ms
  [   5/100] REJ f2d1c8_gen-samples-v  org=org1      label=0  conf=1.00  fc=18  2098ms
  [   6/100] REJ f2d1c8_gen-samples-v  org=org1      label=0  conf=1.00  fc=17  2096ms
  [   7/100] REJ df6f80_sa-elections-  org=org1      label=1  conf=1.00  fc=19  2096ms
  [   8/100] REJ df6f80_sa-elections-  org=org1      label=0  conf=1.00  fc=16  2137ms
  [   9/100] REJ za-elec-topo-05       org=org1      label=1  conf=1.00  fc=17  2165ms
  [  10/100] REJ kzn-mun-fin-006       org=org1      label=0  conf=1.00  fc=17  2147ms
  [  11/100] REJ df6f80_sa-elections-  org=org1      label=1  conf=1.00  fc=17  2160ms
  [  12/100] REJ za-elec-2026-01       org=org1      label=1  conf=1.00  fc=17  2140ms
  [  13/100] REJ f2d1c8_sa-elections-  org=org1      label=1  conf=1.00  fc=18  2158ms
  [  14/100] REJ df6f80_sa-elections-  org=org1      label=0  conf=1.00  fc=18  2184ms
  [  15/100] REJ df6f80_sa-elections-  org=org1      label=1  conf=1.00  fc=18  2156ms
  [  16/100] REJ df6f80_sa-elections-  org=org1      label=1  conf=1.00  fc=19  2182ms
  [  17/100] REJ df6f80_sa-elections-  org=org1      label=1  conf=1.00  fc=19  2211ms
  [  18/100] REJ f2d1c8_gen-samples-v  org=org1      label=1  conf=1.00  fc=15  2182ms
  [  19/100] REJ f2d1c8_sa-elections-  org=org1      label=1  conf=1.00  fc=19  2187ms
  [  20/100] REJ za-elec-2026-08       org=org1      label=1  conf=0.75  fc=10  2154ms
  [  21/100] REJ df6f80_sa-elections-  org=org1      label=1  conf=1.00  fc=18  2179ms
  [  22/100] REJ sd-2024-009           org=org1      label=1  conf=1.00  fc=17  2159ms
  [  23/100] REJ df6f80_sa-elections-  org=org1      label=1  conf=1.00  fc=18  2207ms
  [  24/100] REJ za-elec-m04           org=org1      label=1  conf=1.00  fc=19  2157ms
  [  25/100] REJ f2d1c8_sa-elections-  org=org1      label=0  conf=1.00  fc=16  2153ms
  [  26/100] OK f2d1c8_gen-samples-v  org=org1      label=1  conf=1.00  fc=17  2152ms
  [  27/100] OK f2d1c8_sa-elections-  org=org1      label=0  conf=1.00  fc=19  2158ms
  [  28/100] OK za-elec-2026-009      org=org1      label=0  conf=1.00  fc=19  2159ms
  [  29/100] OK f2d1c8_gen-samples-v  org=org1      label=0  conf=1.00  fc=19  2180ms
  [  30/100] OK df6f80_gen-samples-v  org=org1      label=1  conf=1.00  fc=19  2203ms
  [  31/100] OK df6f80_sa-elections-  org=org1      label=0  conf=1.00  fc=18  2194ms
  [  32/100] OK f2d1c8_sa-elections-  org=org1      label=0  conf=1.00  fc=18  2169ms
  [  33/100] OK f2d1c8_sa-elections-  org=org1      label=0  conf=1.00  fc=19  2174ms
  [  34/100] OK df6f80_sa-elections-  org=org1      label=1  conf=1.00  fc=17  2305ms
  [  35/100] OK df6f80_sa-elections-  org=org1      label=1  conf=1.00  fc=17  2158ms
  [  36/100] OK f2d1c8_sa-elections-  org=org1      label=0  conf=1.00  fc=19  2176ms
  [  37/100] OK df6f80_sa-elections-  org=org1      label=0  conf=1.00  fc=19  2183ms
  [  38/100] OK f2d1c8_sa-elections-  org=org1      label=0  conf=1.00  fc=19  2221ms
  [  39/100] OK df6f80_sa-elections-  org=org1      label=0  conf=1.00  fc=19  2175ms
  [  40/100] OK f2d1c8_sa-elections-  org=org1      label=1  conf=1.00  fc=18  2226ms
  [  41/100] OK f2d1c8_sa-elections-  org=org1      label=1  conf=1.00  fc=19  2245ms
  [  42/100] OK za-elec-2026-09       org=org1      label=0  conf=1.00  fc=19  2223ms
  [  43/100] OK f2d1c8_gen-samples-v  org=org1      label=0  conf=1.00  fc=19  2168ms
  [  44/100] OK df6f80_sa-elections-  org=org1      label=1  conf=0.99  fc=19  2253ms
  [  45/100] OK f2d1c8_sa-elections-  org=org1      label=0  conf=1.00  fc=19  2216ms
  [  46/100] OK kzn-2021-008          org=org1      label=0  conf=1.00  fc=19  2181ms
  [  47/100] OK df6f80_sa-elections-  org=org1      label=0  conf=1.00  fc=19  2203ms
  [  48/100] OK f2d1c8_sa-elections-  org=org1      label=1  conf=1.00  fc=17  2182ms
  [  49/100] OK df6f80_sa-elections-  org=org1      label=1  conf=0.79  fc=19  2192ms
  [  50/100] OK mf-elec-10            org=org1      label=0  conf=1.00  fc=19  2268ms
  [  51/100] OK f2d1c8_gen-samples-v  org=org13     label=0  conf=0.84  fc=18  2213ms
  [  52/100] OK za-elec-dm-007        org=org12     label=0  conf=0.91  fc=19  2137ms
  [  53/100] OK za-elec-9009          org=org4      label=1  conf=0.66  fc=19  2282ms
  [  54/100] OK f2d1c8_sa-elections-  org=org7      label=0  conf=0.55  fc=19  2145ms
  [  55/100] OK za-elec-2026-003      org=org13     label=1  conf=0.86  fc=19  2195ms
  [  56/100] OK df6f80_sa-elections-  org=org13     label=0  conf=0.61  fc=19  2227ms
  [  57/100] OK df6f80_sa-elections-  org=org13     label=1  conf=0.55  fc=19  2217ms
  [  58/100] OK df6f80_sa-elections-  org=org12     label=1  conf=0.51  fc=19  2230ms
  [  59/100] OK za-elec-muni-007      org=org17     label=0  conf=1.00  fc=19  2178ms
  [  60/100] OK f2d1c8_gen-samples-v  org=org16     label=0  conf=0.54  fc=19  2165ms
  [  61/100] OK f2d1c8_gen-samples-v  org=org11     label=0  conf=0.64  fc=19  2118ms
  [  62/100] OK df6f80_sa-elections-  org=org11     label=1  conf=0.67  fc=19  2144ms
  [  63/100] OK df6f80_sa-elections-  org=org11     label=1  conf=0.84  fc=16  2108ms
  [  64/100] OK f2d1c8_sa-elections-  org=org18     label=0  conf=0.74  fc=18  2131ms
  [  65/100] OK za-elec-ink-001       org=org16     label=1  conf=0.95  fc=18  2102ms
  [  66/100] OK f2d1c8_sa-elections-  org=org16     label=1  conf=0.80  fc=19  2121ms
  [  67/100] OK df6f80_sa-elections-  org=org15     label=0  conf=0.66  fc=19  2104ms
  [  68/100] OK f2d1c8_sa-elections-  org=org19     label=0  conf=0.79  fc=17  2109ms
  [  69/100] OK f2d1c8_sa-elections-  org=org19     label=0  conf=0.51  fc=19  2168ms
  [  70/100] OK df6f80_sa-elections-  org=org8      label=1  conf=0.58  fc=18  2205ms
  [  71/100] OK za-elec-nm02          org=org16     label=1  conf=0.98  fc=19  2157ms
  [  72/100] OK f2d1c8_gen-samples-v  org=org10     label=0  conf=0.84  fc=19  2212ms
  [  73/100] OK za-elec-wc-2026-09    org=org15     label=1  conf=0.97  fc=19  2272ms
  [  74/100] OK za-elec-m03           org=org12     label=1  conf=0.78  fc=19  2170ms
  [  75/100] OK df6f80_sa-elections-  org=org14     label=1  conf=0.50  fc=18  2186ms
  [  76/100] OK za-elec-9003          org=org4      label=1  conf=0.65  fc=18  2186ms
  [  77/100] OK za-elec-ds-010        org=org18     label=1  conf=0.63  fc=19  2152ms
  [  78/100] OK df6f80_sa-elections-  org=org2      label=1  conf=0.86  fc=19  2088ms
  [  79/100] OK kzn-2021-003          org=org17     label=1  conf=0.56  fc=19  2203ms
  [  80/100] OK df6f80_sa-elections-  org=org12     label=1  conf=0.57  fc=19  2208ms
  [  81/100] OK f2d1c8_sa-elections-  org=org16     label=0  conf=0.88  fc=18  2194ms
  [  82/100] OK f2d1c8_sa-elections-  org=org18     label=1  conf=0.63  fc=19  2101ms
  [  83/100] OK f2d1c8_gen-samples-v  org=org13     label=0  conf=0.73  fc=19  2122ms
  [  84/100] OK za-elec-ink-010       org=org13     label=0  conf=0.63  fc=17  2128ms
  [  85/100] OK sa-elec-2026-10       org=org6      label=0  conf=0.57  fc=19  2112ms
  [  86/100] OK df6f80_sa-elections-  org=org11     label=0  conf=0.83  fc=19  2109ms
  [  87/100] OK f2d1c8_sa-elections-  org=org14     label=1  conf=0.96  fc=19  2124ms
  [  88/100] OK df6f80_sa-elections-  org=org3      label=1  conf=0.81  fc=19  2237ms
  [  89/100] OK f2d1c8_gen-samples-v  org=org5      label=1  conf=0.63  fc=19  2206ms
  [  90/100] OK f2d1c8_sa-elections-  org=org11     label=0  conf=0.89  fc=19  2246ms
  [  91/100] OK f2d1c8_sa-elections-  org=org6      label=1  conf=0.98  fc=19  2172ms
  [  92/100] OK f2d1c8_gen-samples-v  org=org16     label=1  conf=0.58  fc=19  2219ms
  [  93/100] OK df6f80_sa-elections-  org=org5      label=1  conf=0.90  fc=19  2187ms
  [  94/100] OK df6f80_sa-elections-  org=org6      label=1  conf=0.72  fc=19  2204ms
  [  95/100] OK za-elec-2021-06       org=org13     label=0  conf=0.74  fc=19  2272ms
  [  96/100] OK f2d1c8_sa-elections-  org=org12     label=1  conf=0.74  fc=18  2170ms
  [  97/100] OK df6f80_sa-elections-  org=org11     label=1  conf=0.87  fc=19  2177ms
  [  98/100] OK za-elec-muni-001      org=org3      label=0  conf=0.86  fc=19  2170ms
  [  99/100] OK f2d1c8_sa-elections-  org=org7      label=0  conf=0.72  fc=19  2193ms
  [ 100/100] OK f2d1c8_sa-elections-  org=org5      label=0  conf=0.74  fc=19  2182ms

================================================================
  total samples:    100
  AI-processed:     50  (50%)
  random-pool:      50  (50%)
  submitted:        100
  accepted:         75  (75.0%)
  rejected:         25  (25.0%)

  by org:
    org1          50 submitted
    org13         7 submitted
    org16         6 submitted
    org11         6 submitted
    org12         5 submitted
    org18         3 submitted
    org6          3 submitted
    org5          3 submitted
    org4          2 submitted
    org7          2 submitted
    org17         2 submitted
    org15         2 submitted
    org19         2 submitted
    org14         2 submitted
    org3          2 submitted
    org8          1 submitted
    org10         1 submitted
    org2          1 submitted

  fact-checks:
    YES votes:  1309
    NO votes:   524

  avg latency:  2175.1ms
  p50/p95:      2175.9 / 2268.2ms
================================================================
  Output: /home/snow_woofer/projects/snow_woofer/2026/autistic_collection/A_Blockchain_Enabled_Framework_for_Misinformation_Monitoring/results/overnight/20260906-062757/20_orgs/feed_100.csv
================================================================
