Samples: 100 | AI: 50 | Random: 50 | Reject-pct: 25% (25 reports) | Orgs: 15 (on-chain) | Mode: direct

  [   1/100] REJ za-elec-ink-009       org=org1      label=0  conf=1.00  fc=13  2154ms
  [   2/100] REJ df6f80_sa-elections-  org=org1      label=0  conf=1.00  fc=9  2131ms
  [   3/100] REJ df6f80_sa-elections-  org=org1      label=1  conf=1.00  fc=13  2157ms
  [   4/100] REJ f2d1c8_gen-samples-v  org=org1      label=0  conf=1.00  fc=11  2129ms
  [   5/100] REJ f2d1c8_gen-samples-v  org=org1      label=0  conf=1.00  fc=14  2134ms
  [   6/100] REJ f2d1c8_gen-samples-v  org=org1      label=0  conf=1.00  fc=10  2137ms
  [   7/100] REJ df6f80_sa-elections-  org=org1      label=1  conf=1.00  fc=12  2140ms
  [   8/100] REJ df6f80_sa-elections-  org=org1      label=0  conf=1.00  fc=14  2145ms
  [   9/100] REJ za-elec-topo-05       org=org1      label=1  conf=1.00  fc=12  2138ms
  [  10/100] REJ kzn-mun-fin-006       org=org1      label=0  conf=1.00  fc=13  2139ms
  [  11/100] REJ df6f80_sa-elections-  org=org1      label=1  conf=1.00  fc=13  2141ms
  [  12/100] REJ za-elec-2026-01       org=org1      label=1  conf=1.00  fc=14  2142ms
  [  13/100] REJ f2d1c8_sa-elections-  org=org1      label=1  conf=1.00  fc=12  2171ms
  [  14/100] REJ df6f80_sa-elections-  org=org1      label=0  conf=1.00  fc=13  2160ms
  [  15/100] REJ df6f80_sa-elections-  org=org1      label=1  conf=1.00  fc=14  2157ms
  [  16/100] REJ df6f80_sa-elections-  org=org1      label=1  conf=1.00  fc=14  2138ms
  [  17/100] REJ df6f80_sa-elections-  org=org1      label=1  conf=1.00  fc=13  2132ms
  [  18/100] REJ f2d1c8_gen-samples-v  org=org1      label=1  conf=1.00  fc=14  2153ms
  [  19/100] REJ f2d1c8_sa-elections-  org=org1      label=1  conf=1.00  fc=13  2141ms
  [  20/100] REJ za-elec-2026-08       org=org1      label=1  conf=0.75  fc=14  2132ms
  [  21/100] REJ df6f80_sa-elections-  org=org1      label=1  conf=1.00  fc=14  2163ms
  [  22/100] REJ sd-2024-009           org=org1      label=1  conf=1.00  fc=12  2148ms
  [  23/100] REJ df6f80_sa-elections-  org=org1      label=1  conf=1.00  fc=14  2136ms
  [  24/100] REJ za-elec-m04           org=org1      label=1  conf=1.00  fc=13  2152ms
  [  25/100] REJ f2d1c8_sa-elections-  org=org1      label=0  conf=1.00  fc=9  2158ms
  [  26/100] OK f2d1c8_gen-samples-v  org=org1      label=1  conf=1.00  fc=14  2140ms
  [  27/100] OK f2d1c8_sa-elections-  org=org1      label=0  conf=1.00  fc=14  2169ms
  [  28/100] OK za-elec-2026-009      org=org1      label=0  conf=1.00  fc=14  2139ms
  [  29/100] OK f2d1c8_gen-samples-v  org=org1      label=0  conf=1.00  fc=13  2184ms
  [  30/100] OK df6f80_gen-samples-v  org=org1      label=1  conf=1.00  fc=14  2133ms
  [  31/100] OK df6f80_sa-elections-  org=org1      label=0  conf=1.00  fc=14  2169ms
  [  32/100] OK f2d1c8_sa-elections-  org=org1      label=0  conf=1.00  fc=14  2153ms
  [  33/100] OK f2d1c8_sa-elections-  org=org1      label=0  conf=1.00  fc=14  2142ms
  [  34/100] OK df6f80_sa-elections-  org=org1      label=1  conf=1.00  fc=13  2151ms
  [  35/100] OK df6f80_sa-elections-  org=org1      label=1  conf=1.00  fc=14  2133ms
  [  36/100] OK f2d1c8_sa-elections-  org=org1      label=0  conf=1.00  fc=12  2151ms
  [  37/100] OK df6f80_sa-elections-  org=org1      label=0  conf=1.00  fc=14  2154ms
  [  38/100] OK f2d1c8_sa-elections-  org=org1      label=0  conf=1.00  fc=14  2155ms
  [  39/100] OK df6f80_sa-elections-  org=org1      label=0  conf=1.00  fc=14  2144ms
  [  40/100] OK f2d1c8_sa-elections-  org=org1      label=1  conf=1.00  fc=14  2136ms
  [  41/100] OK f2d1c8_sa-elections-  org=org1      label=1  conf=1.00  fc=14  2143ms
  [  42/100] OK za-elec-2026-09       org=org1      label=0  conf=1.00  fc=13  2133ms
  [  43/100] OK f2d1c8_gen-samples-v  org=org1      label=0  conf=1.00  fc=13  2142ms
  [  44/100] OK df6f80_sa-elections-  org=org1      label=1  conf=0.99  fc=14  2152ms
  [  45/100] OK f2d1c8_sa-elections-  org=org1      label=0  conf=1.00  fc=14  2148ms
  [  46/100] OK kzn-2021-008          org=org1      label=0  conf=1.00  fc=14  2120ms
  [  47/100] OK df6f80_sa-elections-  org=org1      label=0  conf=1.00  fc=14  2127ms
  [  48/100] OK f2d1c8_sa-elections-  org=org1      label=1  conf=1.00  fc=14  2149ms
  [  49/100] OK df6f80_sa-elections-  org=org1      label=1  conf=0.79  fc=14  2223ms
  [  50/100] OK mf-elec-10            org=org1      label=0  conf=1.00  fc=13  2145ms
  [  51/100] OK f2d1c8_gen-samples-v  org=org7      label=0  conf=0.78  fc=14  2154ms
  [  52/100] OK za-elec-dm-007        org=org13     label=0  conf=0.83  fc=12  2140ms
  [  53/100] OK za-elec-9009          org=org11     label=0  conf=0.89  fc=14  2146ms
  [  54/100] OK f2d1c8_sa-elections-  org=org11     label=1  conf=0.70  fc=14  2138ms
  [  55/100] OK za-elec-2026-003      org=org11     label=0  conf=0.93  fc=12  2141ms
  [  56/100] OK df6f80_sa-elections-  org=org14     label=0  conf=0.61  fc=14  2150ms
  [  57/100] OK df6f80_sa-elections-  org=org12     label=0  conf=0.94  fc=14  2154ms
  [  58/100] OK df6f80_sa-elections-  org=org9      label=0  conf=0.75  fc=14  2140ms
  [  59/100] OK za-elec-muni-007      org=org8      label=1  conf=0.96  fc=12  2127ms
  [  60/100] OK f2d1c8_gen-samples-v  org=org14     label=1  conf=0.69  fc=14  2125ms
  [  61/100] OK f2d1c8_gen-samples-v  org=org11     label=0  conf=0.81  fc=12  2150ms
  [  62/100] OK df6f80_sa-elections-  org=org8      label=1  conf=0.64  fc=13  2142ms
  [  63/100] OK df6f80_sa-elections-  org=org2      label=0  conf=0.94  fc=11  2141ms
  [  64/100] OK f2d1c8_sa-elections-  org=org5      label=0  conf=0.51  fc=14  2134ms
  [  65/100] OK za-elec-ink-001       org=org2      label=0  conf=0.65  fc=14  2147ms
  [  66/100] OK f2d1c8_sa-elections-  org=org7      label=0  conf=0.87  fc=14  2151ms
  [  67/100] OK df6f80_sa-elections-  org=org7      label=0  conf=0.60  fc=14  2143ms
  [  68/100] OK f2d1c8_sa-elections-  org=org3      label=0  conf=0.66  fc=14  2162ms
  [  69/100] OK f2d1c8_sa-elections-  org=org14     label=1  conf=0.53  fc=14  2149ms
  [  70/100] OK df6f80_sa-elections-  org=org14     label=0  conf=0.56  fc=13  2172ms
  [  71/100] OK za-elec-nm02          org=org3      label=0  conf=0.75  fc=14  2128ms
  [  72/100] OK f2d1c8_gen-samples-v  org=org12     label=0  conf=0.72  fc=14  2135ms
  [  73/100] OK za-elec-wc-2026-09    org=org10     label=1  conf=0.65  fc=13  2147ms
  [  74/100] OK za-elec-m03           org=org5      label=0  conf=0.65  fc=14  2152ms
  [  75/100] OK df6f80_sa-elections-  org=org6      label=1  conf=0.73  fc=14  2153ms
  [  76/100] OK za-elec-9003          org=org5      label=0  conf=0.98  fc=14  2157ms
  [  77/100] OK za-elec-ds-010        org=org14     label=1  conf=0.75  fc=13  2141ms
  [  78/100] OK df6f80_sa-elections-  org=org4      label=1  conf=0.95  fc=14  2131ms
  [  79/100] OK kzn-2021-003          org=org4      label=0  conf=0.79  fc=14  2154ms
  [  80/100] OK df6f80_sa-elections-  org=org9      label=0  conf=1.00  fc=14  2156ms
  [  81/100] OK f2d1c8_sa-elections-  org=org13     label=0  conf=0.97  fc=13  2141ms
  [  82/100] OK f2d1c8_sa-elections-  org=org5      label=0  conf=0.79  fc=14  2135ms
  [  83/100] OK f2d1c8_gen-samples-v  org=org11     label=0  conf=0.54  fc=14  2149ms
  [  84/100] OK za-elec-ink-010       org=org7      label=1  conf=0.90  fc=13  2146ms
  [  85/100] OK sa-elec-2026-10       org=org14     label=1  conf=0.62  fc=14  2136ms
  [  86/100] OK df6f80_sa-elections-  org=org11     label=1  conf=0.73  fc=14  2142ms
  [  87/100] OK f2d1c8_sa-elections-  org=org9      label=1  conf=0.93  fc=14  2143ms
  [  88/100] OK df6f80_sa-elections-  org=org3      label=1  conf=0.67  fc=13  2162ms
  [  89/100] OK f2d1c8_gen-samples-v  org=org2      label=0  conf=0.61  fc=14  2136ms
  [  90/100] OK f2d1c8_sa-elections-  org=org15     label=1  conf=0.84  fc=14  2143ms
  [  91/100] OK f2d1c8_sa-elections-  org=org11     label=1  conf=0.78  fc=14  2168ms
  [  92/100] OK f2d1c8_gen-samples-v  org=org10     label=0  conf=0.98  fc=14  2155ms
  [  93/100] OK df6f80_sa-elections-  org=org2      label=0  conf=0.67  fc=14  2158ms
  [  94/100] OK df6f80_sa-elections-  org=org5      label=0  conf=0.66  fc=14  2165ms
  [  95/100] OK za-elec-2021-06       org=org7      label=1  conf=0.87  fc=14  2149ms
  [  96/100] OK f2d1c8_sa-elections-  org=org10     label=0  conf=0.51  fc=14  2150ms
  [  97/100] OK df6f80_sa-elections-  org=org5      label=0  conf=0.73  fc=13  2152ms
  [  98/100] OK za-elec-muni-001      org=org12     label=1  conf=0.96  fc=14  2143ms
  [  99/100] OK f2d1c8_sa-elections-  org=org15     label=1  conf=0.72  fc=14  2144ms
  [ 100/100] OK f2d1c8_sa-elections-  org=org13     label=1  conf=0.58  fc=14  2146ms

================================================================
  total samples:    100
  AI-processed:     50  (50%)
  random-pool:      50  (50%)
  submitted:        100
  accepted:         75  (75.0%)
  rejected:         25  (25.0%)

  by org:
    org1          50 submitted
    org11         7 submitted
    org14         6 submitted
    org5          6 submitted
    org7          5 submitted
    org2          4 submitted
    org13         3 submitted
    org12         3 submitted
    org9          3 submitted
    org3          3 submitted
    org10         3 submitted
    org8          2 submitted
    org4          2 submitted
    org15         2 submitted
    org6          1 submitted

  fact-checks:
    YES votes:  917
    NO votes:   424

  avg latency:  2146.9ms
  p50/p95:      2145.4 / 2169.1ms
================================================================
  Output: /home/snow_woofer/projects/snow_woofer/2026/autistic_collection/A_Blockchain_Enabled_Framework_for_Misinformation_Monitoring/results/overnight/20260907-033054/15_orgs/feed_100.csv
================================================================
