Samples: 10 | AI: 5 | Random: 5 | Reject-pct: 25% (2 reports) | Orgs: 15 (on-chain) | Mode: direct

  [   1/10] REJ za-elec-ink-009       org=org1      label=0  conf=1.00  fc=14  2170ms
  [   2/10] REJ df6f80_sa-elections-  org=org1      label=0  conf=1.00  fc=14  2162ms
  [   3/10] OK df6f80_sa-elections-  org=org1      label=1  conf=1.00  fc=13  2156ms
  [   4/10] OK f2d1c8_gen-samples-v  org=org1      label=0  conf=1.00  fc=14  2152ms
  [   5/10] OK f2d1c8_gen-samples-v  org=org1      label=0  conf=1.00  fc=13  2149ms
  [   6/10] OK f2d1c8_gen-samples-v  org=org2      label=0  conf=0.93  fc=12  2132ms
  [   7/10] OK df6f80_sa-elections-  org=org14     label=0  conf=0.77  fc=14  2147ms
  [   8/10] OK df6f80_sa-elections-  org=org14     label=0  conf=0.96  fc=14  2152ms
  [   9/10] OK za-elec-topo-05       org=org5      label=0  conf=0.54  fc=13  2160ms
  [  10/10] OK kzn-mun-fin-006       org=org5      label=0  conf=0.55  fc=14  2140ms

================================================================
  total samples:    10
  AI-processed:     5  (50%)
  random-pool:      5  (50%)
  submitted:        10
  accepted:         8  (80.0%)
  rejected:         2  (20.0%)

  by org:
    org1          5 submitted
    org14         2 submitted
    org5          2 submitted
    org2          1 submitted

  fact-checks:
    YES votes:  96
    NO votes:   39

  avg latency:  2152.0ms
  p50/p95:      2152.3 / 2170.3ms
================================================================
  Output: /home/snow_woofer/projects/snow_woofer/2026/autistic_collection/A_Blockchain_Enabled_Framework_for_Misinformation_Monitoring/results/overnight/20260907-033054/15_orgs/feed_10.csv
================================================================
